border_size=1
usage=map

Ss          , Ss          , Ss          , Gs          , Gs          , Gs          , Gs          , Gs^Fp       , Gs^Fp       , Gs^Fp       , Gs^Fp       , Gs^Fp       , Gs^Fp       , Gs^Fp       , Gg          , Gg          , Gg          , Re          , Gg          , Gg          , Gs^Fp       , Gs^Fp       , Gs^Fp       , Gs^Fp       , Gs^Fp       , Gg          
Ss          , Ss          , Ss          , Gs          , Ss          , Gs          , Gs          , Gs          , Gs          , Gs          , Gs          , Gs          , Gs          , Gg          , Gg          , Gg          , Gg          , Re          , Gg          , Gg          , Gg          , Gs^Fp       , Gg          , Gs^Fp       , Gs^Fp       , Gg          
Ww          , Ss          , Ww          , Ss          , Ww          , Ww          , Ww          , Ww          , Ww          , Gs          , Ww          , Gs          , Gs          , Gg          , Gg          , Gg^Fet      , Gg          , Re          , Gg          , Gg^Fet      , Gs          , Gg          , Gg          , Gg          , Gg          , Gg          
Ww          , Ww          , Ww          , Ww          , Ww          , Ww          , Ww          , Ww          , Ww          , Ww          , Ww          , Ww          , Ww          , Ww          , Ww          , Gg          , Ww          , Re          , Ww          , Gs          , Ww          , Gs          , Gs          , Gs          , Gs          , Gg          
Wo          , Wo          , Wo          , Wo          , Wo          , Ww          , Wo          , Ww          , Wo          , Ww          , Wo          , Ww          , Ww          , Ww          , Ww          , Ww          , Ww          , Ww^Bw|      , Ww          , Ww          , Ww          , Ww          , Ww          , Ww          , Ww          , Gg          
Wo          , Wo          , Wo          , Wo          , Wo          , Wo          , Wo          , Wo          , Wo          , Wo          , Wo          , Wo          , Wo          , Wo          , Wo          , Ww          , Ww          , Ww^Bw|      , Ww          , Ww          , Ww          , Ww          , Ww          , Ww          , Ww          , Ww          
Wo          , Wo          , Wo          , Wo          , Wo          , Wo          , Wo          , Wo          , Wo          , Wo          , Wo          , Wo          , Wo          , Wo          , Wo          , Wo          , Wo          , Wo^Bw|      , Wo          , Wo          , Wo          , Wo          , Wo          , Ww          , Wo          , Ww          
Wo          , Wo          , Wo          , Wo          , Wo          , Wo          , Wo          , Wo          , Wwf         , Wo          , Wwf         , Wo          , Wo          , Wo          , Wo          , Wo          , Wo          , Wo^Bw|      , Wo          , Wo          , Wo          , Wo          , Wo          , Wo          , Wo          , Wo          
Ww          , Ww          , Ww          , Ww          , Ww          , Ww          , Ww          , Wwf         , Gg          , Gg^Vl       , Wwf         , Wwf         , Wwf         , Wo          , Wo          , Wo          , Wo          , Wo^Bw|      , Wo          , Wo          , Wo          , Wo          , Wo          , Wo          , Wo          , Wo          
Ww          , Ww          , Ww          , Ww^Vm       , Wwf         , Ww          , Ww          , Wwf         , Wwf         , Gg          , Ww          , Ww          , Wwf         , Ww          , Ww          , Ww          , Ww          , Wo^Bw|      , Ww          , Wo          , Ww          , Wo          , Wo          , Wo          , Wo          , Wo          
Ww          , Ww          , Ww          , Ww          , Wwf         , Wwf         , Wwf         , Wwf         , Wwf         , Ww          , Ww          , Ww          , Ww          , Wwf         , Wwf         , Ww          , Ww          , Ww^Bw|      , Ww          , Ww          , Ww^Vm       , Ww          , Ww          , Ww          , Ww          , Wo          
Gg          , Ss          , Gg          , Wwf         , Gg          , Wwf         , Gg          , Wwf         , Wwf         , Ww          , Gg          , Ww          , Gs^Ft       , Ww          , Ww          , Wwf         , Wwf         , Ww^Bw|      , Ww          , Ww          , Wwf         , Ww          , Ww          , Ww          , Ww          , Ww          
Gg          , Gg          , Gg^Wm       , Gg          , Gg          , Gg          , Gg^Wm       , Gg          , Gg          , Gg          , Gg^Vc       , Gg          , Gs^Ft       , Gs^Ft       , Gs^Ft       , Gs^Ft       , Re          , Re          , Gs^Ft       , Wwf         , Gs^Ft       , Gs^Ft       , Gs^Ft       , Wwf         , Gs^Ft       , Ww          
Ds          , Gg          , Gg          , Gg          , Gg          , Gg          , Gg          , Gg          , Gs          , Gg          , Gg          , Gg          , Gg          , Gg          , Gg          , Gg          , Re          , Gg          , Gg          , Gs^Ft       , Ce          , Ce          , Ce          , Gs^Ft       , Gs          , Gs^Ft       
Ds          , Gg          , Gg          , Gg          , Gs^Fp       , Gs^Fp       , Gg          , Gg          , Gs          , Gs          , Gg          , Gg          , Gg          , Ch          , Gg          , Re          , Gg          , Gg          , Gg          , Gg          , Ce          , 3 Kh        , Ce          , Gs          , Gg          , Gg          
Ds          , Ds          , Gg          , Gg          , Hh^Fp       , Gs^Fdw      , Gs^Fdw      , Gg          , Gg          , Gg          , Gs^Fdw      , Gg          , Gs^Fp       , Gg          , Re          , Re          , Gg          , Ch          , Gg          , Gg          , Gg          , Ce          , Gg          , Gg          , Ss          , Gg          
Gg          , Gg          , Gg          , Gs^Fp       , Gs^Fmf      , Gs^Fp       , Gg          , Gg          , Gg^Vh       , Gg          , Gg          , Gs^Fdw      , Gg          , Gg          , Re          , Gg          , Gg          , Gg          , Gg          , Gg          , Gg          , Gg          , Gg          , Ss          , Gg          , Ss          
Gg          , Gg          , Gg          , Gs^Fp       , Gs^Fp       , Gg          , Gg          , Gg          , Gg          , Gg          , Gg          , Gs^Fp       , Gg          , Re          , Gg          , Gg          , Gs^Fp       , Ss          , Gs^Fmf      , Gg          , Gg          , Gg          , Gg          , Gg          , Gg          , Gg          
Gg          , Gg          , Gs^Fp       , Hh^Fp       , Gs^Fp       , Gg          , Gg          , Gg          , Ce          , Ce          , Gg          , Gg          , Re          , Re          , Gg          , Gg          , Ss          , Hh^Fp       , Gs^Fp       , Ss          , Ss          , Gg          , Gg          , Gg^Vl       , Gg          , Gg          
Gg          , Gg          , Gg          , Gs^Fp       , Gg          , Gs^Fdw      , Gg          , Ce          , 1 Ke        , Ce          , Gg          , Gg          , Re          , Gg          , Gg^Vh       , Gg          , Gg          , Gs^Fmf      , Gs^Fmf      , Gg          , Gg          , Gg          , Gg          , Gg          , Gg          , Gg          
Gg          , Gg^Vc       , Gg          , Gs^Fp       , Gs^Fp       , Gg          , Gs^Fp       , Ce          , Ce          , Ce          , Gg          , Re          , Gg          , Gg          , Gg          , Gg          , Gg          , Gg          , Gg          , Gg          , Ds          , Gg          , Gg          , Gg          , Gs          , Gg          
Gg          , Gg          , Gg          , Gs^Fmf      , Gs^Fp       , Gg          , Gs^Fp       , Ce          , Gs^Fp       , Gg          , Re          , Re          , Gg          , Gg          , Gg          , Gg          , Gs^Fp       , Gg          , Gg          , Gg          , Ds          , Ds          , Gg          , Gs          , Gs          , Gs          
Gg          , Gg          , Gs^Fp       , Gs^Fp       , Gg          , Gg          , Gg          , Gs^Fp       , Gg          , Gg          , Re          , Gg          , Gg          , Gg          , Gg          , Ss          , Gs^Fp       , Gs^Fp       , Gg          , Gg          , Gg          , Ds          , Gg          , Gs          , Gs          , Gg          
Gg          , Gg          , Gg          , Gs^Fp       , Gg          , Gs^Fp       , Gs^Fp       , Gs^Fp       , Gg          , Re          , Gg          , Gg          , Gs^Fmf      , Gs^Fmf      , Gg          , Gg          , Gg          , Gg          , Gs          , Gg          , Gg          , Gg          , Gg          , Gs          , Gg          , Gg          
Ds          , Gg          , Gg          , Gs^Fdw      , Gg          , Gs^Fp       , Gg          , Gg          , Re          , Re          , Gg          , Gg          , Gg          , Gs^Fmf      , Gg          , Gs          , Gs          , Gs          , Gs          , Gs          , Gg          , Gs^Fp       , Gg          , Gg          , Gg          , Gg          
Ds          , Ds          , Gg          , Gg          , Gs          , Gg          , Gg          , Gg          , Re          , Gg          , Ds          , Ds          , Ds          , Gg          , Gg          , Gg          , Gg          , Gg          , Gg          , Gg          , Gs^Fp       , Gs^Fp       , Gs^Fp       , Gg          , Gs^Fdw      , Gg          
Gg          , Ds          , Gg          , Gg          , Gg          , Gs          , Gg          , Re          , Gg          , Gg          , Gg          , Ds          , Gg          , Ds          , Gg          , Gg          , Gg          , Gg^Vh       , Gg          , Gg          , Gs^Fp       , Hh^Fp       , Gs^Fdw      , Gs^Fdw      , Gg          , Gg          
Gg          , Gg          , Gg          , Gg^Vh       , Gg          , Gg          , Re          , Re          , Gg          , Gs^Fp       , Gs^Fp       , Gg          , Gg          , Gg          , Gg          , Gg          , Gs          , Gg          , Gs          , Gg          , Gs^Fp       , Gs^Fp       , Gg          , Gs^Fdw      , Gg          , Gg          
Gg          , Gg          , Gg          , Gg          , Gg          , Gg          , Re          , Gg          , Gs^Fp       , Gs^Fp       , Gg          , Gg          , Gg          , Gg          , Ds          , Gg          , Gg          , Gs          , Gs          , Gg          , Gg          , Gg          , Gg          , Gg          , Gs          , Gs          
Gs^Fp       , Gs^Fp       , Gs^Fp       , Gg          , Gg          , Re          , Gg          , Gg          , Ce          , Ce          , Ce          , Gg          , Gg          , Ds          , Ds          , Ds          , Gg          , Gg          , Gg          , Gg          , Gg          , Gg          , Gg          , Gs          , Gg          , Gs          
Gs^Fp       , Gs^Fmf      , Gg          , Gg          , Re          , Re          , Gg          , Gg          , Ce          , 2 Ke        , Ce          , Gg          , Gg          , Gg          , Ds          , Ds          , Ds          , Ds          , Gg          , Gg          , Gg^Vc       , Gg          , Gs          , Gg          , Gg          , Gg          
Gs^Fp       , Gs^Fp       , Gg          , Gg          , Re          , Gg          , Gg          , Gg          , Gg          , Ce          , Gg          , Gg          , Gg          , Ds          , Ds          , Gg          , Gg          , Gg          , Gg          , Gg          , Gg          , Gg          , Gs          , Gs          , Gg          , Gg          
Gg          , Gg          , Gg          , Re          , Gg          , Gg          , Gg          , Gg          , Gg          , Gg          , Gg          , Gg          , Gg          , Gg          , Gg          , Gg          , Gg          , Gg          , Gg          , Gg          , Gg          , Gs          , Gg          , Gg          , Gg          , Gg          
