border_size=1
usage=map

Gg          , Aa^Fpa      , Aa^Fpa      , Aa^Fpa      , Aa^Fpa      , Mm          , Ms          , Ms          , Ms          , Ms          , Ms          , Ha          , Ms          , Ms          , Ms          , Ms          , Ms          , Ms          , Ms          , Ms          , Ms          , Aa^Fpa      , Ha^Fpa      , Ai          , Ai          , Ha^Fpa      , Ms          , Ha          , Ms          , Ms          , Ha^Fma      , Ms          , Ms          , Ms          , Ms          
Aa^Fpa      , Gg          , Aa          , Aa^Fpa      , Aa^Fpa      , Ms          , Ai          , Ms          , Ms          , Ms          , Ms          , Ms          , Ms          , Ms          , Ms          , Ms          , Ms^Vhha     , Ha^Fma      , Ha^Fma      , Ms          , Ha^Fma      , Ha^Fpa      , Ai          , Ai          , Ha^Fpa      , Ha^Fpa      , Ms          , Ms          , Ha^Voa      , Ha^Fpa      , Ha^Fma      , Ha^Fma      , Ha^Fpa      , Ms          , Ha^Fpa      
Aa^Fpa      , Gg          , Ce          , Ce          , Ce          , Aa^Fpa      , Aa^Fpa      , Ai          , Ha^Fma      , Ha^Fpa      , Ha^Fpa      , Ms          , Ha^Fma      , Ha^Fpa      , Ha^Fma      , Ms          , Ha^Fpa      , Ms          , Ha^Fpa      , Ms          , Ms          , Ha^Fpa      , Ai          , Aa^Fma      , Ha^Fma      , Ms          , Ha^Fma      , Ha^Fma      , Ha^Fma      , Ha^Fma      , Aa          , Ha^Fpa      , Aa          , Ha^Fpa      , Aa          
Ha^Fma      , Aa^Fpa      , Ce          , 1 Ke        , Ce          , Aa          , Aa^Vea      , Ai          , Aa          , Ha^Fma      , Ha^Fma      , Ha^Fma      , Aa          , Ha^Fma      , Aa          , Aa          , Aa          , Aa          , Aa          , Ha^Fma      , Ha^Fma      , Ha^Fpa      , Rd          , Ha^Fpa      , Aa          , Ha^Fma      , Aa          , Aa          , Aa          , Aa          , Ha^Fda      , Aa          , Aa^Fma      , Aa          , Ha^Fpa      
Ms          , Ha^Fma      , Aa^Fpa      , Ce          , Aa          , Gg          , Aa^Fpa      , Ai          , Aa          , Aa          , Aa          , Aa          , Aa          , Aa          , Aa          , Gg          , Gg          , Gg          , Gg          , Aa          , Aa          , Aa          , Rd          , Rd          , Aa          , Aa          , Aa          , Aa          , Ha^Fpa      , Ha^Fpa      , Ha^Fpa      , Ha^Fpa      , Ha^Fpa      , Ha^Fpa      , Ha^Fpa      
Ms          , Ha^Fpa      , Ha^Fpa      , Aa^Fpa      , Aa^Fpa      , Gg          , Gg          , Ai          , Gg          , Aa          , Gg          , Gg          , Gg          , Gg          , Aa          , Aa          , Aa          , Aa          , Aa          , Aa          , Ha^Voa      , Aa          , Rd          , Aa          , Aa          , Aa          , Aa          , Aa          , Ha^Fpa      , Ms          , Ms          , Ms          , Ms          , Ha^Fpa      , Ms          
Ms          , Ms          , Ms          , Ha^Fpa      , Ha^Fpa      , Aa^Fpa      , Ai          , Aa          , Aa          , Gg          , Gg          , Aa          , Aa          , Aa          , Ha^Fpa      , Ha^Fpa      , Ha^Fpa      , Ha^Fma      , Ha^Fpa      , Ha^Fpa      , Rd          , Ha^Fpa      , Ai          , Aa          , Aa          , Aa          , Aa          , Ha^Fda      , Ms          , Ms          , Ms          , Ms          , Ms          , Ms^Vhha     , Ms          
Ms          , Ms          , Ms          , Ha^Voa      , Ai          , Ai          , Ha^Fpa      , Ha^Fpa      , Ha^Fma      , Aa          , Aa          , Aa          , Aa          , Aa          , Ha^Fpa      , Ms          , Ms          , Ms          , Ms          , Ha^Fpa      , Ha^Fda      , Rd          , Ai          , Aa          , Rd          , Aa          , Ai          , Ha^Fma      , Rd          , Ms          , Ce          , Ce          , Ce          , Ms          , Ms          
Ms          , Ms          , Ms          , Ms          , Ms          , Ms          , Ms          , Ms          , Ms          , Ha^Fma      , Aa          , Gg          , Aa          , Aa          , Aa^Fma      , Ha^Fpa      , Ms          , Ms          , Ha^Fda      , Ha^Fda      , Aa          , Ai          , Aa          , Rd          , Aa          , Rd          , Aa          , Ai          , Ha^Fpa      , Rd          , Ce          , 4 Ke        , Ce          , Ms          , Ms          
Ms          , Ms          , Ms          , Ms          , Ms          , Ms          , Ms          , Ms          , Ms          , Ha^Fma      , Aa          , Aa          , Aa^Vla      , Aa^Fma      , Ha^Fma      , Ha^Fma      , Ms          , Ha^Fda      , Aa          , Aa          , Aa          , Ai          , Aa          , Aa          , Aa          , Aa          , Aa          , Aa          , Gg          , Ha^Fpa      , Ms          , Ce          , Ms          , Ms          , Ms          
Ms          , Ms          , Ms          , Ms          , Ms          , Ms          , Ms          , Ms          , Ms          , Ha^Fma      , Aa          , Aa          , Aa          , Aa^Fma      , Ha^Fda      , Ms          , Ha          , Ha          , Aa          , Aa          , Aa          , Rd          , Rd          , Aa          , Gg          , Gg          , Aa          , Gg          , Ha^Fpa      , Ha^Fpa      , Ms          , Ms          , Ms          , Ms          , Ms          
Ms          , Ms          , Ms          , Ms          , Ha^Voa      , Ms          , Ms          , Ms          , Ms          , Ha^Fpa      , Ha^Fma      , Aa          , Gg          , Gg          , Gg          , Ha          , Gg          , Gg          , Aa          , Aa          , Rd          , Rd          , Aa          , Aa          , Gg          , Aa          , Gg          , Aa          , Ha          , Ha^Fpa      , Ms          , Ms^Vhha     , Ms          , Ms          , Ms          
Ms          , Ha^Fma      , Ha^Fma      , Ha^Fpa      , Ha^Fpa      , Ms          , Ms          , Ms          , Ms          , Ha^Fma      , Aa^Fpa      , Aa          , Aa          , Aa          , Aa^Fpa      , Aa          , Aa          , Aa          , Aa          , Rd          , Aa          , Aa          , Aa          , Aa          , Aa          , Aa          , Gg          , Aa          , Aa          , Ha          , Ha^Fpa      , Ha^Fpa      , Ms          , Ms          , Ms          
Ms          , Ms          , Aa          , Aa          , Aa          , Ha^Fpa      , Ai          , Ha^Fma      , Ms          , Ha^Fma      , Aa^Fpa      , Aa^Fpa      , Aa^Fpa      , Aa^Fpa      , Ha^Fma      , Aa^Fpa      , Aa          , Aa          , Ai          , Rd          , Aa          , Ha          , Ha^Voa      , Ha^Fpa      , Aa          , Aa          , Aa          , Gg          , Aa          , Ha          , Ha^Fpa      , Ms          , Ms          , Ms          , Ms          
Ha^Fma      , Ha^Fma      , Aa          , Aa          , Aa          , Aa          , Ai          , Ha^Fpa      , Ha^Fpa      , Aa^Fma      , Aa^Fpa      , Aa^Fpa      , Ha^Fma      , Ha^Fma      , Ms          , Ha^Fma      , Aa          , Ai          , Aa          , Aa          , Ha          , Ha          , Ms          , Ha^Fpa      , Ha^Fpa      , Aa          , Aa          , Aa          , Aa          , Aa          , Ha^Fpa      , Ha^Fpa      , Ms          , Ms          , Ms          
Ha^Fma      , Aa          , Aa          , Cv          , Aa          , Ai          , Aa          , Aa          , Aa^Fma      , Aa^Fpa      , Aa^Fpa      , Ha^Fma      , Ms          , Ms          , Ms          , Ha^Fma      , Ai          , Ai          , Aa          , Ha          , Ms          , Ms          , Ms          , Ms          , Ha^Fpa      , Aa          , Aa          , Gg          , Gg          , Aa          , Aa          , Ha^Fpa      , Ha^Fpa      , Ms^Vhha     , Ms          
Aa          , Aa          , Aa          , Aa          , Aa          , Ai          , Ai          , Aa          , Aa          , Aa^Fma      , Aa^Fpa      , Ha^Fma      , Ms          , Ms          , Ha^Fda      , Ha^Fma      , Ai          , Aa          , Ha          , Ha          , Ms          , Ms          , Mm^Xm       , Ms          , Ms          , Ha^Fpa      , Ha^Fpa      , Aa          , Aa          , Aa          , Aa          , Aa          , Aa          , Ha^Fpa      , Ha^Fpa      
Aa          , Aa          , Aa          , Aa          , Aa          , Aa          , Ai          , Ai          , Aa          , Aa^Voa      , Aa^Fma      , Ha^Fma      , Ha^Fpa      , Ha^Fpa      , Ai          , Ai          , Ha          , Ha          , Ha^Fma      , Ha^Fma      , Ms          , Mm^Xm       , Mm^Xm       , Mm^Xm       , Ms          , Ms          , Ha^Fpa      , Aa          , Aa          , Gg          , Aa          , Aa          , Aa          , Ha^Fpa      , Ha^Fpa      
Aa          , Aa          , Aa          , Aa          , Aa          , Ai          , Ww          , Ai          , Ai          , Aa          , Aa          , Aa^Fma      , Aa          , Ai          , Ms          , Ha          , Ha^Fma      , Ha^Fma      , Ha^Fma      , Ha^Fma      , Ms          , Mm^Xm       , Mm^Xm       , Mm^Xm       , Ms          , Ms          , Ha^Fma      , Ha^Fpa      , Gg          , Gg          , Gg          , Aa          , Gg          , Aa          , Ha^Fpa      
Aa          , Aa          , Aa          , Cv          , Aa          , Ai          , Ww          , Ww          , Ai          , Ai          , Ai          , Aa          , Ai          , Ai          , Ms          , Ms          , Ms          , Ha^Fma      , Ms          , Ms          , Ms          , Mm^Xm       , Mm^Xm       , Mm^Xm       , Ms          , Ms          , Ms^Vhha     , Ha^Fma      , Ha^Fma      , Aa          , Aa          , Aa          , Gg          , Aa          , Gg          
Aa          , Aa          , Aa          , 2 Kv        , Aa          , Ai          , Ai          , Ai          , Ai          , Aa          , Aa          , Ai          , Ha^Fma      , Ms          , Ha^Fma      , Ha^Fma      , Ms          , Ha^Fma      , Ms          , Ha^Fma      , Ms          , Mm^Xm       , Mm^Xm       , Mm^Xm       , Mm^Xm       , Ms          , Ms          , Ha^Fma      , Ha^Fpa      , Aa          , Ce          , Ce          , Ce          , Aa          , Gg          
Aa          , Aa          , Aa          , Aa          , Aa          , Aa          , Ai          , Ww          , Ai          , Aa          , Aa^Fma      , Aa^Fma      , Ms          , Ha^Fma      , Ms          , Ms          , Ms          , Ms^Vhha     , Ms          , Ms          , Ms          , Mm^Xm       , Mm^Xm       , Mm^Xm       , Mm^Xm       , Ms          , Ms          , Ms          , Ha^Fma      , Aa          , Ce          , 3 Ke        , Ce          , Gg          , Gg          
Aa          , Aa          , Aa          , Aa          , Ai          , Ai          , Ai          , Ww          , Ai          , Aa          , Aa          , Ha^Fpa      , Ha^Fpa      , Ms          , Ms          , Ms          , Ms          , Ms          , Ha^Fpa      , Ms          , Ha^Fpa      , Ms          , Ms          , Mm^Xm       , Mm^Xm       , Mm^Xm       , Mm^Xm       , Ms          , Ms          , Ha^Fpa      , Ha^Fpa      , Ce          , Gg          , Gg          , Gg          
Aa          , Aa          , Aa          , Aa          , Ai          , Ai          , Ww          , Ai          , Ai          , Aa          , Aa          , Ha^Fpa      , Ha^Fpa      , Ms          , Ha^Fpa      , Ha^Fpa      , Ms          , Ha^Fpa      , Ha^Fpa      , Ha^Fpa      , Ha^Fpa      , Ms          , Ms          , Ms          , Mm^Xm       , Mm^Xm       , Mm^Xm       , Mm^Xm       , Mm^Xm       , Ms          , Ms          , Ha^Fpa      , Ha^Fpa      , Aa          , Gg          
