border_size=1
usage=map

Uu          , Rr          , Rr          , Uu          , Uu          , Uu          , Uu          , Uu          , Uu          , Uu          , Wwf         , Wwf         , Wwf         , Wwf         , Wwf         , Wwf         , Wwf         , Wwf         , Wwf         , Wwf         , Wwf         , Mm          , Mm          , Mm          , Wo          , Wo          , Mm          , Mm          , Mm          , Mm          , Mm          , Mm          , Xu          , Xu          , Xu          , Xu          , Xu          , Xu          , Uu          , Uu          , Xu          , Xu          
Uu          , Rr          , Rr          , Rr          , Rr          , Uu          , Uu^Vud      , Uu          , Uu          , Uu          , Uu          , Wwf         , Wwf         , Wwf         , Ww          , Wwf         , Ww          , Wwf         , Ww          , Wwf         , Ww          , Wwf         , Mm          , Wo          , Mm          , Wo          , Mm          , Mm          , Wwf         , Wo          , Mm          , Mm          , Xu          , Cud         , Cud         , Cud         , Cud         , Xu          , Xu          , Uu          , Uh          , Xu          
Uu          , Rr          , Rr          , Rr          , 1 Rr        , Uu          , Uu          , Uu          , Uu          , Uu          , Ur          , Wwf         , Xu          , Wwf         , Xu          , Wwf         , Xu          , Wwf         , Xu          , Wwf         , Xu          , Wwf         , Wwf         , Mm          , Wwf         , Mm          , Wwf         , Wwf         , Wwf         , Ww          , Mm          , Cud         , Xu          , Xu          , Xu          , Xu          , Uu          , Cud         , Xu          , Cud         , Uu          , Xu          
Uu          , Uu          , Uu          , Rr          , Uu          , Uu          , Wwf         , Wwf         , Wwf         , Uu          , Wwf         , Xu          , Wwf         , Xu          , Wwf         , Xu          , Wwf         , Xu          , Wwf         , Xu          , Wwf         , Xu          , Xu          , Xu          , Xu          , Ww          , Wo          , Wo          , Wo          , Mm          , Ww^Vm       , Hh          , Xu          , Cud         , Xu          , Uu^Vu       , Uu          , Cud         , Xu          , Uu          , Uu          , Xu          
Uu          , Uu          , Uu          , Uu          , Uu          , Uu          , Wwf         , Wwf         , Ww          , Wwf         , Wwf         , Wwf         , Ss          , Wwf         , Wwf         , Ww          , Wwf         , Wwf         , Wwf         , Wwf         , Ww          , Wwf         , Xu          , Cud         , Xu          , Wo          , Ww          , Ww          , Mm          , Mm          , Mm          , Hh          , Xu          , Xu          , Xu          , Uu^Vu       , Uu          , Cud         , Cud         , Uu          , Xu          , Xu          
Uu          , Uu          , Wwf         , Uu          , Wwf         , Wwf         , Wwf         , Ww          , Ww^Vm       , Ww          , Wwf         , Wwf         , Chs         , Chs         , Chw         , Wwf         , Ss          , Xu          , Wwf         , Ww          , Ww^Vm       , Ww          , Xu          , Cud         , Xu          , Mm          , Mm          , Mm          , Wo          , Wo          , Mm          , Cud         , Xu          , Cud         , Cud         , Xu          , Xu          , Cud         , Cud         , Cud         , Cud         , Xu          
Wwf         , Wwf         , Wwf         , Wwf         , Wwr         , Wwf         , Wwf         , Ww          , Ww          , Ww          , Wwf         , Ss          , Chs         , 4 Khw       , Chw         , Wwf         , Ss          , Xu          , Wwf         , Ww          , Ww          , Ww          , Wwf         , Xu          , Ss          , Ss          , Wwf         , Mm          , Mm          , Mm          , Wwf         , Mm          , Xu          , Uu          , Uu          , Cud         , Cud         , Xu          , Cud         , Cud         , Cud         , Xu          
Wwf         , Wwf         , Ww^Vm       , Wwf         , Wwr         , Wwr         , Wwf         , Wwf         , Wwf         , Wwf         , Wwf         , Ss          , Ss          , Chw         , Wwf         , Wwf         , Ss          , Xu          , Xu          , Wwf         , Wwf         , Wwf         , Ss          , Wwf         , Wwf         , Wwf         , Xu          , Ss          , Ss          , Wwf         , Xu          , Xu          , Uu          , Uu          , Uu^Ufi      , Uu          , Uu          , Xu          , Cud         , Uu^Vud      , Cud         , Xu          
Xu          , Wwf         , Wwf         , Wwf         , Xu          , Wwr         , Xu          , Wwf         , Xu          , Xu          , Wwf         , Wwf         , Wwf         , Wwf         , Ss          , Ss          , Xu          , Xu          , Ww          , Xu          , Xu          , Ss          , Ww          , Wwf         , Xu          , Xu          , Wwf         , Xu          , Xu          , Xu          , Ww          , Xu          , Xu          , Uu          , Uu          , Uu          , Uu          , Xu          , Cud         , Cud         , Cud         , Xu          
Xu          , Xu          , Xu          , Xu          , Wwf         , Xu          , Wwr         , Xu          , Wwf         , Wwf         , Wwf         , Ww          , Wwf         , Wwf         , Xu          , Xu          , Wwr         , Ww          , Wwf         , Ww          , Ww          , Ww          , Xu          , Xu          , Wwf         , Wwf         , Xos         , Wwf         , Ww          , Ww          , Wo          , Ww          , Xu          , Uu          , Uu          , Cud         , Uh          , Xu          , Cud         , Cud         , Cud         , Xu          
Xu          , Wwf         , Wwf         , Wwf         , Wwf         , Wwr         , Wwr         , Wwr         , Wwf         , Ww^Vm       , Wwf         , Wwf         , Xu          , Xu          , Wwr         , Wwr         , Wwf         , Wwf         , Xu          , Xu          , Xu          , Xu          , Wwf         , Wwf         , Wwf         , Wwf         , Ww          , Xos         , Xos         , Wwf         , Wwf         , Ww          , Wwf         , Xu          , Xu          , Uh          , Xu          , Xu          , Cud         , Cud         , Cud         , Xu          
Xu          , Wwf         , Ww^Vm       , Wwf         , Xu          , Wwf         , Xu          , Xu          , Xu          , Wwf         , Xu          , Xu          , Ww          , Ww          , Xu          , Xu          , Xu          , Xu          , Wwf         , Wwf         , Wwf         , Wwf         , Ww^Vm       , Wwf         , Ww          , Ww          , Wo          , Wo          , Wo          , Xos         , Wwf         , Wwf         , Ww^Vm       , Wwf         , Xu          , Xu          , Uu          , Uu          , Cud         , Cud         , Cud         , Xu          
Xu          , Wwf         , Wwf         , Wwf         , Wwf         , Xu          , Wwf         , Wwf         , Wwf         , Xu          , Wwf         , Wwf         , Xu          , Xu          , Wwf         , Wwf         , Wwf         , Wwf         , Mm          , Mm          , Mm          , Wwf         , Wwf         , Wwf         , Wo          , Wo          , Wo          , Wo          , Wo          , Xos         , Wwf         , Wwf         , Wwf         , Wwf         , Ds          , Uu          , Uu^Uf       , Ur          , Uu          , Uu          , Uu          , Xu          
Xu          , Wwf         , Wwf         , Wwf         , Xu          , Wwf         , Ss          , Ss          , Ss          , Wwf         , Wwf         , Wwf         , Xu          , Wwf         , Ww^Vm       , Wwf         , Wwf         , Mm          , Ww          , Ww          , Wo          , Mm          , Mm          , Mm          , Mm          , Wo          , Wo          , Wo          , Xos         , Xos         , Xos         , Wwf         , Ds          , Wwf         , Ds          , Ur          , Uu          , Uu          , Uu^Vud      , Uu          , Ql          , Ql          
Xu          , Xu          , Xu          , Xu          , Wwf         , Xu          , Xu          , Xu          , Ss          , Ww^Vm       , Wwf         , Wwf         , Xu          , Mm          , Mm          , Mm          , Mm          , Mm          , Mm          , 3 Khw       , Chw         , Ww          , Ww          , Mm          , Xos         , Wo          , Xos         , Xos         , Ql          , Ql          , Ql          , Xos         , Xos         , Ds          , Uu          , Uu          , Xos         , Uu          , Uu          , Uu          , Ql          , Ql          
Wwf         , Wwf         , Wwf         , Wwf         , Ss          , Wwf         , Wwf         , Wwf         , Wwf         , Ss          , Wwf         , Wwf         , Xu          , Mm          , Mm          , Chw         , Chw         , Mm          , Mm          , Ww          , Ww          , Ww          , Xos         , Xos         , Ql          , Xos         , Ql          , Ql          , Ql          , Ql          , Ql          , Ql          , Ql          , Xos         , Xos         , Xos         , Ql          , Xos         , Xos         , Ql          , Ql          , Ql          
Wwf         , Wwf         , Ss^Vm       , Ss          , Xu          , Ss          , Wwf         , Ww^Vm       , Wwf         , Wwf         , Xu          , Xu          , Ql          , Qxu         , Qxu^Bs/     , Mm          , Mm          , Mm          , Xos         , Xos         , Xos         , Xos         , Ql          , Ql          , Ql          , Ql          , Ql          , Ql          , Ql          , Ql          , Xos         , Ql          , Ql          , Ql          , Ql          , Ql          , Ql          , Ql          , Ql          , Xos         , Xos         , Ql          
Wwr         , Wwf         , Ss          , Ss          , Wwr         , Xu          , Xu          , Wwf         , Xu          , Xu          , Ql          , Ql          , Cud         , Cud         , Ql          , Qxu         , Qxu         , Xos         , Ql          , Ql          , Ql          , Ql          , Ql          , Ql          , Ql          , Ql          , Ql          , Ql          , Xos         , Xos         , Cud         , Xos         , Xos         , Ql          , Ql          , Ql          , Qlf         , Qlf         , Qlf         , Ql          , Ql          , Xos         
Wwf         , Wwf         , Chw         , Chw         , Chw         , Wwr         , Xu          , Xu          , Ql          , Ql          , Cud         , Cud         , Ql          , Ql          , Ql          , Ql          , Ql          , Ql          , Ql          , Ql          , Xos         , Ql          , Ql          , Ql          , Ql          , Ql          , Xos         , Xos         , Cud         , Cud         , Cud         , Cud         , Cud         , Xos         , Xos         , Ql          , Ql          , Ql          , Qlf         , Qlf         , Ql          , Ql          
Wwf         , Wwf         , Chw         , 2 Khw       , Chw         , Wwr         , Xu          , Ql          , Ql          , Cud         , Ql          , Ql          , Ql          , Ql          , Ql          , Ql          , Ql          , Ql          , Xos         , Xos         , Cud         , Xos         , Xos         , Ql          , Xos         , Xos         , Cud         , Cud         , Cud         , Cud         , Cud         , Cud         , Cud         , Cud         , Cud         , Xos         , Xos         , Ql          , Ql          , Qlf         , Ql          , Ql          
Wwf         , Wwf         , Wwf         , Chw         , Wwf         , Wwr         , Xu          , Ql          , Ql          , Cud         , Ql          , Ql          , Uu          , Ql          , Ql          , Ql          , Xos         , Xos         , Cud         , Cud         , Cud         , Cud         , Cud         , Xos         , Cud         , Cud         , Cud         , Cud         , Cud         , Cud         , Cud         , Cud         , Cud         , Cud         , Cud         , Cud         , Cud         , Xos         , Xos         , Ql          , Ql          , Ql          
Xu          , Wwf         , Wwf         , Wwf         , Ww^Vm       , Xu          , Ql          , Ql          , Ql          , Cud         , Ql^Bs\      , Ql          , Uu          , Uu          , Uu          , Xos         , Cud         , Cud         , Cud         , Cud         , Uu          , Cud         , Cud         , Cud         , Cud         , Cud         , Ch          , Cud         , Cud         , Cud         , Ql          , Cud         , Cud         , Cud         , Cud         , Cud         , Cud         , Cud         , Cud         , Xos         , Xos         , Ql          
Xu          , Re          , Xu          , Xu          , Xu          , Xu          , Xu          , Ql          , Ql          , Ql          , Uu          , Cud         , Cud         , Uu          , Ch          , Uu          , Cud         , Cud         , Cud         , Cud         , Cud         , Cud         , Cud         , Cud         , Cud         , Cud         , Cud         , Cud         , Ql          , Ql          , Cud         , Ql          , Ql          , Cud         , Cud         , Uu^Vud      , Cud         , Cud         , Cud         , Cud         , Cud         , Xos         
Xu          , Re          , Re          , Re          , Re          , Re          , Xu          , Ql          , Ql          , Uu          , Uu          , Uu          , Uu          , Cud         , Cud         , Cud         , Cud         , Cud         , Cud         , Cud         , Cud         , Cud         , Cud         , Cud         , Cud         , Cud         , Cud         , Cud         , Ql          , Cud         , Cud         , Cud         , Ql          , Cud         , Cud         , Cud         , Cud         , Cud         , Cud         , Cud         , Cud         , Cud         
Xu          , Ur          , Xu          , Xu          , Uu          , Uu^Uf       , Xu          , Ql          , Ql          , Ql          , Uu          , Uu^Vu       , Uu          , Uu          , Ch          , Cud         , Cud         , Cud         , Cud         , Cud         , Cud         , Cud         , Cud         , Cud         , Cud         , Cud         , Cud         , Cud         , Ql          , Cud         , Cud         , Cud         , Ql          , Cud         , Cud         , Cud         , Cud         , Cud         , Cud         , Cud         , Cud         , Cud         
Xu          , Ur          , Ur          , Ur          , Ur          , Uu          , Ql          , Ql          , Ql          , Uu          , Uu          , Uu          , Uu          , Uu          , Uu          , Uu          , Cud         , Cud         , Cud         , Cud         , Uu          , Cud         , Cud         , Cud         , Cud         , Cud         , Ch          , Cud         , Cud         , Ql          , Ql          , Ql          , Cud         , Cud         , Cud         , Uu^Vud      , Cud         , Cud         , Cud         , Cud         , Xos         , Xos         
Ql          , Uu          , Ur          , Uu          , Uu          , Uu          , Ql          , Ql          , Ql          , Ql          , Ql          , Ql          , Ql          , Uu          , Ql          , Xos         , Xos         , Cud         , Cud         , Cud         , Cud         , Cud         , Cud         , Cud         , Cud         , Cud         , Cud         , Cud         , Cud         , Cud         , Cud         , Cud         , Cud         , Cud         , Cud         , Cud         , Cud         , Cud         , Xos         , Xos         , Ql          , Ql          
Ql          , Uu          , Uu^Vud      , Uu          , Uu          , Ql          , Ql          , Ql          , Ql          , Ql          , Ql          , Ql          , Ql          , Ql          , Ql          , Ql          , Ql          , Xos         , Xos         , Cud         , Cud         , Cud         , Xos         , Xos         , Xos         , Cud         , Cud         , Cud         , Cud         , Cud         , Cud         , Cud         , Cud         , Cud         , Cud         , Cud         , Xos         , Xos         , Ql          , Ql          , Qlf         , Ql          
Ql          , Uu          , Uu          , Uu          , Ql          , Uu          , Ql          , Ql          , Ql          , Qlf         , Qlf         , Ql          , Qlf         , Ql          , Ql          , Ql          , Ql          , Ql          , Ql          , Xos         , Xos         , Xos         , Ql          , Ql          , Ql          , Xos         , Xos         , Cud         , Cud         , Cud         , Cud         , Cud         , Cud         , Cud         , Xos         , Xos         , Ql          , Ql          , Ql          , Qlf         , Qlf         , Qlf         
Ql          , Ql          , Uu          , Ql          , Ql          , Ql          , Ql          , Ql          , Qlf         , Qlf         , Ql          , Qlf         , Qlf         , Ql          , Qlf         , Ql          , Ql          , Ql          , Ql          , Ql          , Ql          , Ql          , Ql          , Ql          , Ql          , Ql          , Ql          , Xos         , Xos         , Cud         , Cud         , Cud         , Xos         , Xos         , Ql          , Ql          , Ql          , Ql          , Qlf         , Qlf         , Ql          , Ql          
Ql          , Ql          , Ql          , Ql          , Ql          , Ql          , Ql          , Ql          , Qlf         , Qlf         , Ql          , Ql          , Ql          , Qlf         , Ql          , Qlf         , Ql          , Ql          , Ql          , Ql          , Ql          , Ql          , Ql          , Ql          , Ql          , Ql          , Ql          , Ql          , Ql          , Xos         , Xos         , Xos         , Ql          , Ql          , Ql          , Ql          , Ql          , Ql          , Qlf         , Qlf         , Qlf         , Qlf         
Ql          , Ql          , Ql          , Ql          , Ql          , Ql          , Ql          , Ql          , Ql          , Ql          , Ql          , Ql          , Ql          , Ql          , Ql          , Ql          , Ql          , Ql          , Ql          , Ql          , Ql          , Ql          , Qlf         , Qlf         , Qlf         , Qlf         , Ql          , Ql          , Ql          , Ql          , Ql          , Ql          , Ql          , Ql          , Ql          , Ql          , Ql          , Qlf         , Ql          , Qlf         , Ql          , Ql          
