border_size=1
usage=map

Xu          , Xu          , Xu          , Xu          , Xu          , Xu          , Xu          , Wo          , Wo          , Xu          , Xu          , Xu          , Xu          , Xu          , Xu          , Xu          , Xu          , Xu          , Xu          , Xu          , Xu          , Xu          , Xu          , Xu          , Xu          , Xu          , Xu          , Xu          , Xu          , Xu          , Xu          , Xu          , Xu          , Xu          , Xu          , Xu          , Xu          , Xu          
Xu          , Cud         , Cud         , Cud         , Cud         , Cud         , Wo          , Wo          , Wo          , Cud         , Cud         , Cud         , Cud         , Cud         , Cud         , Cud         , Cud         , Cud         , Cud         , Cud         , Cud         , Cud         , Cud         , Xos         , Qxu         , Qxu         , Cud         , Cud         , Uu          , Xu          , Uu          , Xu          , Uu          , Xu          , Xu          , Xu          , Xu          , Xu          
Xu          , Cud         , Cud         , Cud         , Cud         , Cud         , Cud         , Wo          , Wo          , Wo          , Cud         , Cud         , Rr^Vd       , Cud         , Rr          , Cud         , Rr          , Cud         , Rr          , Cud         , Rr^Vd       , Cud         , Cud         , Xos         , Cud         , Cud         , Uu          , Uu          , Uu          , Uu          , Uu          , Uu          , Uu          , Uu          , Uu          , Uu          , Uu          , Xu          
Xu          , Cud         , Cud         , Uu^Vud      , Cud         , Cud         , Wo          , Wo          , Wo          , Cud         , Cud         , Rr          , Rr          , Rr          , Rr          , Rr          , Rr          , Rr          , Rr          , Rr          , Rr          , Cud         , Cud         , Xos         , Uu          , Uu          , Uu          , Uu          , Uu^Uf       , Uu          , Uu          , Uu          , Uu          , Uu          , Re          , Re          , Uu          , Xu          
Xu          , Cud         , Cud         , Cud         , Cud         , Cud         , Gs^Fdf      , Wo          , Wo          , Cud         , Cud         , Rr          , Rr          , Rr          , Cud         , Gs^Fdf      , Cud         , Rr          , Rr          , Rr          , Rr          , Cud         , Cud         , Xos         , Uu          , Uu          , Ss          , Uu^Uf       , Uu^Uf       , Uu^Uf       , Uu          , Uu          , 1 Uu        , Uu          , Re          , Uu          , Uu          , Xu          
Xu          , Cud         , Cud         , Cud         , Cud         , Gs^Fdf      , Xos         , Xos         , Xos         , Wo          , Rr          , Rr          , Rr          , Cud         , Gs^Fdf      , Gs^Fdf      , Gs^Fdf      , Cud         , Cud         , Rr          , Rr          , Cud         , Cud         , Xos         , Uu          , Uu          , Ss          , Ss          , Ss^Vhs      , Ss          , Uu          , Uu          , Re          , Re          , Uu          , Uu          , Uu          , Xu          
Xu          , Cud         , Cud         , Wo          , Cud         , Gs^Fdf      , Xos         , Xos         , Xos         , Wo          , Rr          , Rr          , Rr          , Cud         , Cud         , Cud         , Cud         , Cud         , Rr          , Rr          , Rr          , Cud         , Cud         , Xos         , Xos         , Uu          , Uu          , Ss          , Ss          , Ss          , Uu          , Uu          , Re          , Uu          , Uu          , Uu          , Uu          , Xu          
Xu          , Cud         , Cud         , Cud         , Cud         , Gs^Fdf      , Gs^Fdf      , Xos         , Wo          , Wo          , Cud         , Rr          , Rr          , Rr          , Rr          , Rr^Vd       , Rr          , Rr          , Rr          , Rr          , Rr          , Cud         , Cud         , Cud         , Cud         , Xos         , Uu          , Uu          , Uu          , Uu          , Re          , Re          , Uu          , Uu          , Qxu         , Qxu         , Uu          , Xu          
Xu          , Cud         , Cud         , Cud         , Cud         , Cud         , Wo          , Wo          , Cud         , Cud         , Wo          , Cud         , Cud         , Rr          , Rr          , Rr          , Rr          , Rr          , Rr          , Rr          , Rr          , Rr          , Rr          , Cud         , Cud         , Xos         , Uu          , Cud         , Uu          , Uu          , Re          , Uu          , Uu          , Uu          , Qxu         , Qxu         , Uu          , Xu          
Xu          , Cud         , Cud         , Uu^Vud      , Cud         , Cud         , Wo          , Wo          , Cud         , Cud         , Cud         , Cud         , Rr          , Rr          , Rr          , Rr          , Rr          , Rr          , Rr          , Rr          , Cud         , Rr          , Rr          , Rr          , Rr          , Xos         , Rr          , Uu          , Re          , Re          , Uu          , Uu          , Uu          , Qxu         , Uu          , Uu          , Ss          , Xu          
Xu          , Cud         , Cud         , Cud         , Cud         , Wo          , Wo          , Rr          , Rr          , Rr          , Rr          , Rr          , Rr          , Rr          , Rr          , Rr          , Rr          , Rr          , Rr          , Cud         , 2 Kud       , Cud         , Rr          , Rr          , Rr          , Xos         , Rr          , Rr          , Rr          , Uu          , Uu          , Cud         , Uu          , Uu          , Uu          , Uu          , Ss          , Xu          
Xu          , Cud         , Cud         , Cud         , Wo          , Wo          , Rr          , Rr          , Ss          , Rr          , Ss          , Rr          , Rr          , Rr          , Rr          , Rr          , Rr^Vd       , Uu          , Uu          , Cud         , Cud         , Cud         , Uu          , Rr          , Rr          , Xos         , Rr          , Rr          , Rr          , Rr          , Rr          , Uu          , Xos         , Xos         , Xos         , Ss          , Ss          , Xu          
Xu          , Cud         , Cud         , Cud         , Wo          , Wo          , Ss          , Rr          , Ss          , Ss          , Ss^Vm       , Ss          , Ss          , Uu          , Ss          , Uu          , Uu          , Uu          , Uu          , Uu          , Uu          , Uu          , Rr          , Rr          , Rr          , Xos         , Rr          , Rr          , Xos         , Rr          , Xos         , Xos         , Ss          , Ss          , Ss          , Xos         , Xos         , Xu          
Xu          , Cud         , Cud         , Wo          , Wo          , Ss          , Ss          , Ss          , Ss          , Ss          , Ss          , Ss          , Ss          , Ss          , Ss          , Uu          , Uh          , Uu^Uf       , Uu          , Uu          , Uu          , Uu          , Uu          , Rr          , Rr          , Xos         , Rr          , Rr          , Rr          , Xos         , Rr          , Rr          , Rr          , Rr          , Rr          , Rr          , Rr          , Xu          
Xu          , Xos         , Xos         , Xos         , Xos         , Xos         , Xos         , Xos         , Xos         , Xos         , Xos         , Xos         , Xos         , Xos         , Xos         , Xos         , Xos         , Uh          , Uu^Uf       , Uu          , Uu          , Uu^Vu       , Uu          , Rr          , Rr          , Xos         , Rr          , Rr          , Rr          , Rr          , Rr          , Rr          , Rr          , Rr          , Rr          , Rr          , Rr          , Xu          
Xu          , Xos         , Cud         , Cud         , Cud         , Rr          , Rr          , Cud         , Uu          , Ss          , Ss          , Ss          , Ss^Vhs      , Cud         , Uu          , Uu^Uf       , Rr          , Uh          , Uu          , Uu          , Ch          , Uu          , Uu          , Uu          , Rr          , Xos         , Xos         , Rr          , Rr          , Rr          , Rr          , Rr          , Xos         , Xos         , Rr          , Rr          , Rr          , Xu          
Xu          , Cud         , Uu^Vud      , Cud         , Rr          , Rr          , Rr          , Cud         , Uu          , Uu          , Gs^Fds      , Ss          , Uu          , Cud         , Rr          , Rr          , Rr          , Uu          , Uu          , Ch          , 3 Kh        , Ch          , Uu          , Uu          , Rr          , Xos         , Rr          , Xos         , Xos         , Rr          , Xos         , Xos         , Rr          , Xos         , Rr          , Rr          , Rr          , Xu          
Xu          , Cud         , Cud         , Cud         , Rr          , Rr          , Rr          , Uu          , Uu          , Uu          , Uu          , Uu          , Uu^Uf       , Uu          , Uu          , Rr          , Uu          , Rr          , Rr          , Ch          , Ch          , Ch          , Uu          , Rr          , Rr          , Xos         , Cud         , Rr          , Rr          , Xos         , Rr          , Rr          , Cud         , Xos         , Rr          , Rr          , Rr          , Xu          
Xu          , Cud         , Cud         , Rr          , Rr          , Rr          , Rr          , Rr          , Rr          , Uu^Vud      , Rr          , Uu          , Uu          , Uu          , Rr          , Uu^Vud      , Rr          , Rr          , Rr          , Uu          , Uu          , Uu          , Rr          , Rr          , Cud         , Xos         , Cud         , Cud         , Cud         , Rr^Vd       , Cud         , Cud         , Cud         , Xos         , Rr          , Rr          , Rr          , Xu          
Xu          , Cud         , Rr          , Rr          , Uu          , Rr          , Uu          , Rr          , Rr          , Rr          , Rr          , Rr          , Rr          , Rr          , Rr          , Rr          , Rr          , Rr          , Rr          , Rr          , Rr          , Rr          , Cud         , Cud         , Xos         , Xos         , Cud         , Cud         , Cud         , Cud         , Cud         , Cud         , Cud         , Xos         , Rr          , Rr          , Rr          , Xu          
Xu          , Cud         , Rr          , Rr          , Rr          , Uu          , Uu^Uf       , Uu          , Uu          , Uu          , Ss          , Ss          , Ss          , Gs^Fds      , Uu          , Uu          , Xos         , Xos         , Xos         , Ss          , Ss          , Cud         , Xos         , Xos         , Ss          , Xos         , Xos         , Cud         , Xos         , Xos         , Xos         , Cud         , Xos         , Xos         , Rr          , Rr          , Rr          , Xu          
Xu          , Rr          , Rr          , Rr          , Xos         , Xos         , Xos         , Xos         , Xos         , Ss          , Ss          , Ss^Vm       , Ss          , Uu          , Xos         , Xos         , Ss          , Ss          , Ss          , Xos         , Xos         , Xos         , Ss          , Ss          , Ss          , Ss          , Xos         , Xos         , Ss          , Ss          , Ss          , Xos         , Rr          , Rr          , Rr          , Rr          , Rr          , Xu          
Xu          , Rr          , Xos         , Xos         , Xos         , Xos         , Uu          , Uu          , Uu          , Xos         , Xos         , Ss          , Xos         , Xos         , Ss          , Ss          , Ss          , Ss          , Ss          , Ss          , Ss          , Ss          , Ss          , Ss          , Ss          , Ss          , Xos         , Ss          , Ss^Vhs      , Ss          , Rr          , Rr          , Rr          , Rr          , Rr          , Rr          , Cud         , Xu          
Xu          , Xu          , Xos         , Xos         , Rr          , Rr          , Uu          , Uu^Vu       , Uu          , Uu          , Uu          , Xos         , Ss          , Ss          , Ss          , Ss          , Rr          , Ss          , Ss          , Ss          , Ss          , Ss          , Ss          , Ss          , Ss          , Ss          , Xos         , Ss          , Ss          , Ss          , Rr          , Rr          , Rr          , Rr          , Cud         , Cud         , Cud         , Xu          
Xu          , Xu          , Rr          , Rr          , Rr          , Rr          , Rr          , Rr          , Rr          , Uu          , Ss          , Ss          , Ss          , Ss          , Ss          , Rr          , Rr          , Rr^Vd       , Ss          , Ss          , Ss          , Ss          , Ss          , Ss          , Ss          , Ss          , Xos         , Ss          , Ss          , Rr          , Rr          , Rr          , Rr          , Rr          , Cud         , Uu^Vud      , Cud         , Xu          
Xu          , Ss          , Ss          , Rr          , Rr          , Rr          , Rr          , Rr          , Rr          , Rr          , Rr          , Rr          , Rr          , Rr          , Rr          , Rr          , Ss          , Ss          , Ss          , Ss          , Ss          , Ss          , Ss          , Ss          , Ss          , Ss          , Xos         , Ss          , Rr          , Rr          , Rr          , Rr          , Rr          , Cud         , Uu^Vud      , Cud         , Cud         , Xu          
Xu          , Ss          , Ss          , Rr          , Ce          , Ce          , Ce          , Ss          , Ss          , Ss          , Ss          , Ss          , Ss          , Ss          , Ss          , Ss          , Ss          , Ss          , Xos         , Ss          , Ss          , Ss          , Ss          , Ss          , Qxu         , Qxu         , Xos         , Ss          , Ss          , Rr          , Rr          , Rr          , Rr          , Cud         , Cud         , Cud         , Cud         , Xu          
Xu          , Ss          , Ss          , Ss          , Ce          , 4 Ke        , Ce          , Ss          , Ss          , Xos         , Xos         , Ss          , Ss          , Ss^Vhs      , Ss          , Ss          , Xos         , Xos         , Ss          , Xos         , Xos         , Ss          , Qxu         , Qxu         , Qxu         , Qxu         , Xos         , Ss          , Ss          , Rr          , Rr          , Rr          , Rr          , Rr          , Cud         , Uu^Vud      , Cud         , Xu          
Xu          , Ss          , Rr          , Ss          , Rr          , Ce          , Uu          , Uu          , Uu^Vud      , Uu          , Ss          , Xos         , Xos         , Ss          , Xos         , Xos         , Ss          , Ss          , Ss^Vhs      , Ss          , Ss          , Xos         , Xos         , Qxu         , Xos         , Xos         , Ss          , Ss          , Rr          , Rr          , Ce          , Ce          , Ce          , Rr          , Uu          , Cud         , Cud         , Xu          
Xu          , Ss          , Ss          , Rr          , Rr          , Rr          , Rr          , Uu          , Rr          , Uu          , Ss          , Ss          , Uu          , Xos         , Uu          , Ss          , Ss          , Ss          , Ss          , Ss          , Ss          , Ss          , Ss          , Xos         , Ss          , Ss          , Ss          , Ss^Vhs      , Rr          , Rr          , Ce          , 5 Ke        , Ce          , Rr          , Rr          , Uu          , Uu          , Xu          
Xu          , Ss          , Uu^Vu       , Rr          , Rr          , Rr          , Rr          , Rr          , Rr          , Rr          , Rr          , Rr          , Rr          , Uu^Uf       , Rr          , Rr          , Rr          , Rr          , Rr          , Rr          , Rr          , Rr          , Rr          , Ss          , Rr          , Rr          , Rr          , Rr          , Rr          , Rr          , Rr          , Ce          , Rr          , Rr          , Uu^Vu       , Uu          , Uu          , Xu          
Xu          , Ss          , Ss          , Uu          , Rr          , Rr          , Rr          , Rr          , Rr          , Rr          , Rr          , Rr          , Rr          , Rr          , Rr          , Rr          , Rr          , Rr          , Rr          , Rr          , Rr          , Rr          , Rr          , Rr          , Rr          , Rr          , Rr          , Rr          , Rr          , Rr          , Uu^Uf       , Rr          , Uu          , Uu          , Uu          , Uu          , Qxu         , Xu          
Xu          , Uu^Uf       , Uu          , Uu          , Uu          , Uu          , Uu          , Uu          , Uu          , Uu          , Uu^Vud      , Uu          , Uu^Uf       , Uu          , Uu          , Uu          , Uu          , Uu          , Uu^Uf       , Uu          , Uu          , Uu          , Uu          , Uu^Vud      , Uu          , Uu          , Uu          , Uu          , Uu          , Uu          , Uu          , Uu          , Qxu         , Qxu         , Qxu         , Qxu         , Qxu         , Xu          
Xu          , Xu          , Xu          , Xu          , Xu          , Xu          , Xu          , Xu          , Xu          , Xu          , Xu          , Xu          , Xu          , Xu          , Xu          , Xu          , Xu          , Xu          , Xu          , Xu          , Xu          , Xu          , Xu          , Xu          , Xu          , Xu          , Xu          , Xu          , Xu          , Xu          , Xu          , Xu          , Xu          , Xu          , Xu          , Xu          , Xu          , Xu          
